#
# There is insufficient memory for the Java Runtime Environment to continue.
# Native memory allocation (mmap) failed to map 264241152 bytes for Failed to commit area from 0x0000000704400000 to 0x0000000714000000 of length 264241152.
# Possible reasons:
#   The system is out of physical RAM or swap space
#   The process is running with CompressedOops enabled, and the Java Heap may be blocking the growth of the native heap
# Possible solutions:
#   Reduce memory load on the system
#   Increase physical memory or swap space
#   Check if swap backing store is full
#   Decrease Java heap size (-Xmx/-Xms)
#   Decrease number of Java threads
#   Decrease Java thread stack sizes (-Xss)
#   Set larger code cache with -XX:ReservedCodeCacheSize=
# This output file may be truncated or incomplete.
#
#  Out of Memory Error (os_windows.cpp:3450), pid=21396, tid=39396
#
# JRE version:  (11.0.30+7) (build )
# Java VM: OpenJDK 64-Bit Server VM (11.0.30+7-LTS, mixed mode, sharing, tiered, compressed oops, g1 gc, windows-amd64)
# No core dump will be written. Minidumps are not enabled by default on client versions of Windows
#

---------------  S U M M A R Y ------------

Command Line: -Xverify:none -XX:TieredStopAtLevel=1 com.example.SpringbootApplication

Host: 12th Gen Intel(R) Core(TM) i5-12500H, 16 cores, 15G,  Windows 11 , 64 bit Build 26100 (10.0.26100.8246)
Time: Thu Apr 30 15:58:13 2026  Windows 11 , 64 bit Build 26100 (10.0.26100.8246) elapsed time: 1.150575 seconds (0d 0h 0m 1s)

---------------  T H R E A D  ---------------

Current thread (0x000002ccceadf800):  JavaThread "Unknown thread" [_thread_in_vm, id=39396, stack(0x000000d406e00000,0x000000d406f00000)]

Stack: [0x000000d406e00000,0x000000d406f00000]
Native frames: (J=compiled Java code, j=interpreted, Vv=VM code, C=native code)
V  [jvm.dll+0x65984a]
V  [jvm.dll+0x7eb8e8]
V  [jvm.dll+0x7ecfd9]
V  [jvm.dll+0x7ed6e3]
V  [jvm.dll+0x26d045]
V  [jvm.dll+0x656c19]
V  [jvm.dll+0x64aa05]
V  [jvm.dll+0x3342de]
V  [jvm.dll+0x334162]
V  [jvm.dll+0x338d06]
V  [jvm.dll+0x37e217]
V  [jvm.dll+0x37dc82]
V  [jvm.dll+0x30f138]
V  [jvm.dll+0x310236]
V  [jvm.dll+0x7c57bd]
V  [jvm.dll+0x7c6f4f]
V  [jvm.dll+0x38b5e9]
V  [jvm.dll+0x7a6fa0]
V  [jvm.dll+0x3fb367]
V  [jvm.dll+0x3fd871]
C  [jli.dll+0x5358]
C  [ucrtbase.dll+0x37b0]
C  [KERNEL32.DLL+0x2e8d7]
C  [ntdll.dll+0x8c3fc]


---------------  P R O C E S S  ---------------

Threads class SMR info:
_java_thread_list=0x000002cccc873e60, length=0, elements={
}

Java Threads: ( => current thread )

Other Threads:
  0x000002cccc93c000 GCTaskThread "GC Thread#0" [stack: 0x000000d406f00000,0x000000d407000000] [id=28244]
  0x000002ccceb51000 ConcurrentGCThread "G1 Main Marker" [stack: 0x000000d407000000,0x000000d407100000] [id=36916]
  0x000002ccceb53000 ConcurrentGCThread "G1 Conc#0" [stack: 0x000000d407100000,0x000000d407200000] [id=29736]

[error occurred during error reporting (printing all threads), id 0xc0000005, EXCEPTION_ACCESS_VIOLATION (0xc0000005) at pc=0x00007ff9256301d7]

VM state:not at safepoint (not fully initialized)

VM Mutex/Monitor currently owned by a thread:  ([mutex/lock_event])
[0x000002ccceadc040] Heap_lock - owner thread: 0x000002ccceadf800

Heap address: 0x0000000704400000, size: 4028 MB, Compressed Oops mode: Non-zero based: 0x0000000704400000
Narrow klass base: 0x0000000000000000, Narrow klass shift: 0

GC Heap History (0 events):
No events

Deoptimization events (0 events):
No events

Classes redefined (0 events):
No events

Internal exceptions (0 events):
No events

Events (1 events):
Event: 0.010 Loaded shared library D:\Program Files\Java\jdk-11\bin\zip.dll


Dynamic libraries:
0x00007ff6a0ac0000 - 0x00007ff6a0ace000 	D:\Program Files\Java\jdk-11\bin\java.exe
0x00007ffa55b20000 - 0x00007ffa55d87000 	C:\WINDOWS\SYSTEM32\ntdll.dll
0x00007ffa542e0000 - 0x00007ffa543a9000 	C:\WINDOWS\System32\KERNEL32.DLL
0x00007ffa532f0000 - 0x00007ffa536e4000 	C:\WINDOWS\System32\KERNELBASE.dll
0x00007ffa530f0000 - 0x00007ffa5323b000 	C:\WINDOWS\System32\ucrtbase.dll
0x00007ffa44c50000 - 0x00007ffa44c6e000 	D:\Program Files\Java\jdk-11\bin\VCRUNTIME140.dll
0x00007ffa4d6a0000 - 0x00007ffa4d6b8000 	D:\Program Files\Java\jdk-11\bin\jli.dll
0x00007ffa55580000 - 0x00007ffa55745000 	C:\WINDOWS\System32\USER32.dll
0x00007ffa52570000 - 0x00007ffa52597000 	C:\WINDOWS\System32\win32u.dll
0x00007ffa54d10000 - 0x00007ffa54d3b000 	C:\WINDOWS\System32\GDI32.dll
0x00007ffa34f50000 - 0x00007ffa351e3000 	C:\WINDOWS\WinSxS\amd64_microsoft.windows.common-controls_6595b64144ccf1df_6.0.26100.8115_none_3e075c82e3354f9c\COMCTL32.dll
0x00007ffa536f0000 - 0x00007ffa5381b000 	C:\WINDOWS\System32\gdi32full.dll
0x00007ffa53240000 - 0x00007ffa532e3000 	C:\WINDOWS\System32\msvcp_win.dll
0x00007ffa53a20000 - 0x00007ffa53ac9000 	C:\WINDOWS\System32\msvcrt.dll
0x00007ffa538b0000 - 0x00007ffa538e2000 	C:\WINDOWS\System32\IMM32.DLL
0x00007ffa44d20000 - 0x00007ffa44d2c000 	D:\Program Files\Java\jdk-11\bin\vcruntime140_1.dll
0x00007ffa26250000 - 0x00007ffa262dd000 	D:\Program Files\Java\jdk-11\bin\msvcp140.dll
0x00007ff925310000 - 0x00007ff925ee6000 	D:\Program Files\Java\jdk-11\bin\server\jvm.dll
0x00007ffa54bc0000 - 0x00007ffa54c76000 	C:\WINDOWS\System32\ADVAPI32.dll
0x00007ffa53ad0000 - 0x00007ffa53b77000 	C:\WINDOWS\System32\sechost.dll
0x00007ffa53f00000 - 0x00007ffa54018000 	C:\WINDOWS\System32\RPCRT4.dll
0x00007ffa543b0000 - 0x00007ffa54430000 	C:\WINDOWS\System32\WS2_32.dll
0x00007ffa44da0000 - 0x00007ffa44dd6000 	C:\WINDOWS\SYSTEM32\WINMM.dll
0x00007ffa49c10000 - 0x00007ffa49c1b000 	C:\WINDOWS\SYSTEM32\VERSION.dll
0x00007ffa51180000 - 0x00007ffa5119b000 	C:\WINDOWS\SYSTEM32\kernel.appcore.dll
0x00007ffa44c30000 - 0x00007ffa44c40000 	D:\Program Files\Java\jdk-11\bin\verify.dll
0x00007ffa50410000 - 0x00007ffa50652000 	C:\WINDOWS\SYSTEM32\DBGHELP.DLL
0x00007ffa55750000 - 0x00007ffa55ad2000 	C:\WINDOWS\System32\combase.dll
0x00007ffa53b80000 - 0x00007ffa53c58000 	C:\WINDOWS\System32\OLEAUT32.dll
0x00007ffa2eb00000 - 0x00007ffa2eb3b000 	C:\WINDOWS\SYSTEM32\dbgcore.DLL
0x00007ffa52710000 - 0x00007ffa527b5000 	C:\WINDOWS\System32\bcryptPrimitives.dll
0x00007ffa44bc0000 - 0x00007ffa44bea000 	D:\Program Files\Java\jdk-11\bin\java.dll
0x00007ffa43eb0000 - 0x00007ffa43eba000 	D:\Program Files\Java\jdk-11\bin\jimage.dll
0x00007ffa2a710000 - 0x00007ffa2a728000 	D:\Program Files\Java\jdk-11\bin\zip.dll

dbghelp: loaded successfully - version: 4.0.5 - missing functions: none
symbol engine: initialized successfully - sym options: 0x614 - pdb path: .;D:\Program Files\Java\jdk-11\bin;C:\WINDOWS\SYSTEM32;C:\WINDOWS\WinSxS\amd64_microsoft.windows.common-controls_6595b64144ccf1df_6.0.26100.8115_none_3e075c82e3354f9c;D:\Program Files\Java\jdk-11\bin\server

VM Arguments:
jvm_args: -Xverify:none -XX:TieredStopAtLevel=1 
java_command: com.example.SpringbootApplication
java_class_path (initial): D:\Project\studysystem-master\studysystem-master\springboot\target\classes;C:\Users\Orange\.m2\repository\org\springframework\boot\spring-boot\2.5.9\spring-boot-2.5.9.jar;C:\Users\Orange\.m2\repository\org\springframework\boot\spring-boot-autoconfigure\2.5.9\spring-boot-autoconfigure-2.5.9.jar;C:\Users\Orange\.m2\repository\ch\qos\logback\logback-classic\1.2.10\logback-classic-1.2.10.jar;C:\Users\Orange\.m2\repository\ch\qos\logback\logback-core\1.2.10\logback-core-1.2.10.jar;C:\Users\Orange\.m2\repository\org\apache\logging\log4j\log4j-to-slf4j\2.17.1\log4j-to-slf4j-2.17.1.jar;C:\Users\Orange\.m2\repository\org\apache\logging\log4j\log4j-api\2.17.1\log4j-api-2.17.1.jar;C:\Users\Orange\.m2\repository\org\slf4j\jul-to-slf4j\1.7.33\jul-to-slf4j-1.7.33.jar;C:\Users\Orange\.m2\repository\jakarta\annotation\jakarta.annotation-api\1.3.5\jakarta.annotation-api-1.3.5.jar;C:\Users\Orange\.m2\repository\org\springframework\spring-core\5.3.15\spring-core-5.3.15.jar;C:\Users\Orange\.m2\repository\org\springframework\spring-jcl\5.3.15\spring-jcl-5.3.15.jar;C:\Users\Orange\.m2\repository\org\yaml\snakeyaml\1.28\snakeyaml-1.28.jar;C:\Users\Orange\.m2\repository\com\fasterxml\jackson\datatype\jackson-datatype-jdk8\2.12.6\jackson-datatype-jdk8-2.12.6.jar;C:\Users\Orange\.m2\repository\com\fasterxml\jackson\datatype\jackson-datatype-jsr310\2.12.6\jackson-datatype-jsr310-2.12.6.jar;C:\Users\Orange\.m2\repository\com\fasterxml\jackson\module\jackson-module-parameter-names\2.12.6\jackson-module-parameter-names-2.12.6.jar;C:\Users\Orange\.m2\repository\org\apache\tomcat\embed\tomcat-embed-core\9.0.56\tomcat-embed-core-9.0.56.jar;C:\Users\Orange\.m2\repository\org\apache\tomcat\embed\tomcat-embed-el\9.0.56\tomcat-embed-el-9.0.56.jar;C:\Users\Orange\.m2\repository\org\apache\tomcat\embed\tomcat-embed-websocket\9.0.56\tomcat-embed-websocket-9.0.56.jar;C:\Users\Orange\.m2\repository\org\springframework\spring-web\5.3.15\spring-web-5.3.15.jar;C:\Users\Orange\.m2\r
Launcher Type: SUN_STANDARD

[Global flags]
     bool BytecodeVerificationLocal                = false                                     {product} {command line}
     bool BytecodeVerificationRemote               = false                                     {product} {command line}
     intx CICompilerCount                          = 12                                        {product} {ergonomic}
     uint ConcGCThreads                            = 3                                         {product} {ergonomic}
     uint G1ConcRefinementThreads                  = 13                                        {product} {ergonomic}
   size_t G1HeapRegionSize                         = 1048576                                   {product} {ergonomic}
    uintx GCDrainStackTargetSize                   = 64                                        {product} {ergonomic}
   size_t InitialHeapSize                          = 264241152                                 {product} {ergonomic}
   size_t MarkStackSize                            = 4194304                                   {product} {ergonomic}
   size_t MaxHeapSize                              = 4223664128                                {product} {ergonomic}
   size_t MinHeapDeltaBytes                        = 1048576                                   {product} {ergonomic}
    uintx NonNMethodCodeHeapSize                   = 12163472                               {pd product} {ergonomic}
    uintx NonProfiledCodeHeapSize                  = 239494768                              {pd product} {ergonomic}
    uintx ProfiledCodeHeapSize                     = 0                                      {pd product} {ergonomic}
    uintx ReservedCodeCacheSize                    = 251658240                              {pd product} {ergonomic}
     bool SegmentedCodeCache                       = true                                      {product} {ergonomic}
     intx TieredStopAtLevel                        = 1                                         {product} {command line}
     bool UseCompressedClassPointers               = true                                 {lp64_product} {ergonomic}
     bool UseCompressedOops                        = true                                 {lp64_product} {ergonomic}
     bool UseG1GC                                  = true                                      {product} {ergonomic}
     bool UseLargePagesIndividualAllocation        = false                                  {pd product} {ergonomic}

Logging:
Log output configuration:
 #0: stdout all=warning uptime,level,tags
 #1: stderr all=off uptime,level,tags

Environment Variables:
JAVA_HOME=D:\Program Files\Java\jdk-11
CLASSPATH=.;D:\Program Files\Java\jdk1.8.0_201\\lib\dt.jar;D:\Program Files\Java\jdk1.8.0_201\\lib\tools.jar
PATH=C:\Python\Scripts\;C:\Python\;D:\Program Files (x86)\VMware\VMware Workstation\bin\;D:\Program Files\Scripts\;D:\Program Files\;C:\Program Files\Common Files\Oracle\Java\javapath;C:\WINDOWS\system32;C:\WINDOWS;C:\WINDOWS\System32\Wbem;C:\WINDOWS\System32\WindowsPowerShell\v1.0\;C:\WINDOWS\System32\OpenSSH\;C:\Program Files\Microsoft SQL Server\Client SDK\ODBC\170\Tools\Binn\;C:\Program Files\Azure Data Studio\bin;C:\Program Files\dotnet\;D:\Program Files\Java\jdk1.8.0_201\\bin;D:\Program Files\Java\jdk1.8.0_201\\jre\bin;C:\Program Files (x86)\Windows Kits\10\Windows Performance Toolkit\;D:\Program Files\Redis\;D:\Program Files\nodejs\;C:\ProgramData\chocolatey\bin;C:\Program Files\Git\cmd;d:\SoftTools\Trae CN\bin;D:\Program Files\Java\jdk-11\bin;C:\Users\Orange\AppData\Local\Microsoft\WindowsApps;D:\SoftTools\JetBrains\IntelliJ IDEA 2023.2.5\bin;D:\SoftTools\Microsoft VS Code\bin;D:\SoftTools\Qoder\bin;c:\Users\Orange\.qoder\extensions\vscjava.vscode-java-debug-0.59.0\bundled\scripts\noConfigScripts;c:\Users\Orange\.qoder\extensions\ms-python.debugpy-2025.14.0-win32-x64\bundled\scripts\noConfigScripts
USERNAME=Orange
LANG=zh_CN.UTF-8
OS=Windows_NT
PROCESSOR_IDENTIFIER=Intel64 Family 6 Model 154 Stepping 3, GenuineIntel
TMP=C:\Users\Orange\AppData\Local\Temp
TEMP=C:\Users\Orange\AppData\Local\Temp



---------------  S Y S T E M  ---------------

OS: Windows 11 , 64 bit Build 26100 (10.0.26100.8246)
OS uptime: 0 days 7:16 hours

CPU:total 16 (initial active 16) (8 cores per cpu, 2 threads per core) family 6 model 154 stepping 3 microcode 0x437, cmov, cx8, fxsr, mmx, sse, sse2, sse3, ssse3, sse4.1, sse4.2, popcnt, avx, avx2, aes, clmul, erms, 3dnowpref, lzcnt, ht, tsc, tscinvbit, bmi1, bmi2, adx, sha, fma

Memory: 4k page, system-wide physical 16109M (751M free)
TotalPageFile size 32493M (AvailPageFile size 149M)
current process WorkingSet (physical memory assigned to process): 13M, peak: 13M
current process commit charge ("private bytes"): 69M, peak: 321M

vm_info: OpenJDK 64-Bit Server VM (11.0.30+7-LTS) for windows-amd64 JRE (11.0.30+7-LTS), built on Jan 14 2026 18:06:18 by "MicrosoftCorporation" with unknown MS VC++:1943

END.
